core_cm4.h:1676:26:__NVIC_GetPriorityGrouping	4	static
core_cm4.h:1688:22:__NVIC_EnableIRQ	16	static
core_cm4.h:1816:22:__NVIC_SetPriority	16	static
core_cm4.h:1863:26:NVIC_EncodePriority	40	static
stm32f4xx_ll_dma.h:495:22:LL_DMA_EnableStream	16	static
stm32f4xx_ll_dma.h:619:26:LL_DMA_GetDataTransferDirection	16	static
stm32f4xx_ll_dma.h:969:22:LL_DMA_SetDataLength	24	static
stm32f4xx_ll_dma.h:1403:22:LL_DMA_ConfigAddresses	24	static
stm32f4xx_ll_dma.h:2222:22:LL_DMA_ClearFlag_TC4	16	static
stm32f4xx_ll_dma.h:2310:22:LL_DMA_ClearFlag_TE4	16	static
stm32f4xx_ll_dma.h:2567:22:LL_DMA_EnableIT_TE	16	static
stm32f4xx_ll_dma.h:2587:22:LL_DMA_EnableIT_TC	16	static
stm32f4xx_ll_bus.h:411:22:LL_AHB1_GRP1_EnableClock	24	static
stm32f4xx_ll_spi.h:1024:22:LL_SPI_EnableDMAReq_TX	16	static
stm32f4xx_ll_spi.h:1057:26:LL_SPI_DMA_GetRegAddr	16	static
stm32f4xx_ll_gpio.h:911:22:LL_GPIO_ResetOutputPin	16	static
dma.c:32:6:dma_init	24	static
dma.c:52:6:MX_DMA_Init	8	static
