core_cm4.h:1657:22:__NVIC_SetPriorityGrouping	24	static
stm32f4xx_ll_rcc.h:2951:22:LL_RCC_HSE_Enable	4	static
stm32f4xx_ll_rcc.h:2971:26:LL_RCC_HSE_IsReady	4	static
stm32f4xx_ll_rcc.h:3190:22:LL_RCC_SetSysClkSource	16	static
stm32f4xx_ll_rcc.h:3206:26:LL_RCC_GetSysClkSource	4	static
stm32f4xx_ll_rcc.h:3226:22:LL_RCC_SetAHBPrescaler	16	static
stm32f4xx_ll_rcc.h:3242:22:LL_RCC_SetAPB1Prescaler	16	static
stm32f4xx_ll_rcc.h:3258:22:LL_RCC_SetAPB2Prescaler	16	static
stm32f4xx_ll_rcc.h:4155:22:LL_RCC_SetTIMPrescaler	16	static
stm32f4xx_ll_rcc.h:4186:22:LL_RCC_PLL_Enable	4	static
stm32f4xx_ll_rcc.h:4207:26:LL_RCC_PLL_IsReady	4	static
stm32f4xx_ll_rcc.h:4306:22:LL_RCC_PLL_ConfigDomain_SYS	24	static
stm32f4xx_ll_bus.h:1187:22:LL_APB1_GRP1_EnableClock	24	static
stm32f4xx_ll_bus.h:1706:22:LL_APB2_GRP1_EnableClock	24	static
stm32f4xx_ll_system.h:1542:22:LL_FLASH_SetLatency	16	static
stm32f4xx_ll_system.h:1568:26:LL_FLASH_GetLatency	4	static
stm32f4xx_ll_pwr.h:507:22:LL_PWR_SetRegulVoltageScaling	16	static
stm32f4xx_ll_spi.h:298:22:LL_SPI_Enable	16	static
stm32f4xx_ll_spi.h:743:26:LL_SPI_IsActiveFlag_TXE	16	static
main.c:66:5:main	8	static
main.c:120:6:SystemClock_Config	8	static
main.c:165:6:Error_Handler	4	static,ignoring_inline_asm
