stm32f4xx_ll_dma.h:515:22:LL_DMA_DisableStream	16	static
stm32f4xx_ll_dma.h:1782:26:LL_DMA_IsActiveFlag_TC4	16	static
stm32f4xx_ll_dma.h:1870:26:LL_DMA_IsActiveFlag_TE4	16	static
stm32f4xx_ll_dma.h:2222:22:LL_DMA_ClearFlag_TC4	16	static
stm32f4xx_ll_dma.h:2310:22:LL_DMA_ClearFlag_TE4	16	static
stm32f4xx_ll_spi.h:794:26:LL_SPI_IsActiveFlag_BSY	16	static
stm32f4xx_ll_spi.h:905:22:LL_SPI_EnableIT_TXE	16	static
stm32f4xx_ll_spi.h:939:22:LL_SPI_DisableIT_TXE	16	static
stm32f4xx_ll_gpio.h:882:22:LL_GPIO_SetOutputPin	16	static
stm32f4xx_it.c:70:6:NMI_Handler	4	static
stm32f4xx_it.c:85:6:HardFault_Handler	4	static
stm32f4xx_it.c:100:6:MemManage_Handler	4	static
stm32f4xx_it.c:115:6:BusFault_Handler	4	static
stm32f4xx_it.c:130:6:UsageFault_Handler	4	static
stm32f4xx_it.c:145:6:SVC_Handler	4	static
stm32f4xx_it.c:158:6:DebugMon_Handler	4	static
stm32f4xx_it.c:171:6:PendSV_Handler	4	static
stm32f4xx_it.c:184:6:SysTick_Handler	4	static
stm32f4xx_it.c:205:6:DMA1_Stream4_IRQHandler	8	static
stm32f4xx_it.c:230:6:SPI2_IRQHandler	8	static
